error: extern functions can't be functional components
  --> $DIR/extern-fail.rs:10:1
   |
10 | extern fn comp(props: &Props) -> Html {
   | ^^^^^^
